// Vitest Snapshot v1, https://vitest.dev/guide/snapshot.html

exports[`Language component > should match the snapshot 1`] = `
<select
  class="bg-white py-2 px-4 text-[#808080] rounded-lg border border-white shadow-sm focus:outline-none focus:ring-2 focus:ring-[#808080] focus:border-transparent"
  title="lang"
>
  <option>
    ES
  </option>
  <option>
    EN
  </option>
</select>
`;
